<html>
<body>
<pre>
<h1>µVision Build Log</h1>
<h2>Tool Versions:</h2>
IDE-Version: ¦ÌVision V5.27.0.0
Copyright (C) 2018 ARM Ltd and ARM Germany GmbH. All rights reserved.
License Information: 123 Administrator, 123, LIC=QF801-C6V4F-X6BQZ-JME8B-DIAFS-QA5YD
 
Tool Versions:
Toolchain:       MDK-ARM Plus  Version: 5.27.0.0
Toolchain Path:  C:\TIM\software\MDK526\ARM\ARMCC\Bin
C Compiler:      Armcc.exe V5.06 update 6 (build 750)
Assembler:       Armasm.exe V5.06 update 6 (build 750)
Linker/Locator:  ArmLink.exe V5.06 update 6 (build 750)
Library Manager: ArmAr.exe V5.06 update 6 (build 750)
Hex Converter:   FromElf.exe V5.06 update 6 (build 750)
CPU DLL:         SARMCM3.DLL V5.27.0.0
Dialog DLL:      DARMSTM.DLL V1.68.0.0
Target DLL:      Segger\JL2CM3.dll V2.99.34.0
Dialog DLL:      TARMSTM.DLL V1.66.0.0
 
<h2>Project:</h2>
C:\Users\Administrator\Desktop\uart-test\USER\USART.uvprojx
Project File Date:  09/28/2019

<h2>Output:</h2>
*** Using Compiler 'V5.06 update 6 (build 750)', folder: 'C:\TIM\software\MDK526\ARM\ARMCC\Bin'
Build target 'USART'
compiling led.c...
compiling system_stm32f10x.c...
compiling main.c...
main.c(23): warning:  #177-D: variable "t"  was declared but never referenced
   	u16 t;  
main.c(24): warning:  #177-D: variable "len"  was declared but never referenced
  	u16 len;	
main.c(25): warning:  #177-D: variable "times"  was declared but never referenced
  	u16 times=0;
main.c: 3 warnings, 0 errors
compiling stm32f10x_it.c...
compiling delay.c...
compiling usart.c...
compiling key.c...
assembling startup_stm32f10x_hd.s...
compiling sys.c...
compiling core_cm3.c...
compiling misc.c...
compiling stm32f10x_gpio.c...
compiling stm32f10x_usart.c...
compiling stm32f10x_rcc.c...
linking...
Program Size: Code=4956 RO-data=336 RW-data=48 ZI-data=1864  
FromELF: creating hex file...
"..\OBJ\USART.axf" - 0 Error(s), 3 Warning(s).

<h2>Software Packages used:</h2>

Package Vendor: Keil
                http://www.keil.com/pack/Keil.STM32F1xx_DFP.1.0.5.pack
                Keil.STM32F1xx_DFP.1.0.5
                STMicroelectronics STM32F1 Series Device Support, Drivers and Examples

<h2>Collection of Component include folders:</h2>
  .\RTE\_USART
  C:\TIM\software\MDK526\ARM\PACK\Keil\STM32F1xx_DFP\1.0.5\Device\Include

<h2>Collection of Component Files used:</h2>
Build Time Elapsed:  00:00:03
</pre>
</body>
</html>
