Component: ARM Compiler 6.11 Tool: armlink [5d3b3900]

==============================================================================

Section Cross References

    startup_stm32f10x_hd.o(RESET) refers to startup_stm32f10x_hd.o(STACK) for __initial_sp
    startup_stm32f10x_hd.o(RESET) refers to startup_stm32f10x_hd.o(.text) for Reset_Handler
    startup_stm32f10x_hd.o(RESET) refers to lto-llvm-8ef9ab.o(.text) for NMI_Handler
    startup_stm32f10x_hd.o(.text) refers to lto-llvm-8ef9ab.o(.text) for SystemInit
    startup_stm32f10x_hd.o(.text) refers to entry.o(.ARM.Collect$$$$00000000) for __main
    entry.o(.ARM.Collect$$$$00000000) refers (Special) to entry10a.o(.ARM.Collect$$$$0000000D) for __rt_final_cpp
    entry.o(.ARM.Collect$$$$00000000) refers (Special) to entry11a.o(.ARM.Collect$$$$0000000F) for __rt_final_exit
    entry.o(.ARM.Collect$$$$00000000) refers (Special) to entry7b.o(.ARM.Collect$$$$00000008) for _main_clock
    entry.o(.ARM.Collect$$$$00000000) refers (Special) to entry8b.o(.ARM.Collect$$$$0000000A) for _main_cpp_init
    entry.o(.ARM.Collect$$$$00000000) refers (Special) to entry9a.o(.ARM.Collect$$$$0000000B) for _main_init
    entry.o(.ARM.Collect$$$$00000000) refers (Special) to entry5.o(.ARM.Collect$$$$00000004) for _main_scatterload
    entry.o(.ARM.Collect$$$$00000000) refers (Special) to entry2.o(.ARM.Collect$$$$00000001) for _main_stk
    entry2.o(.ARM.Collect$$$$00000001) refers to entry2.o(.ARM.Collect$$$$00002712) for __lit__00000000
    entry2.o(.ARM.Collect$$$$00002712) refers to startup_stm32f10x_hd.o(STACK) for __initial_sp
    entry2.o(__vectab_stack_and_reset_area) refers to startup_stm32f10x_hd.o(STACK) for __initial_sp
    entry2.o(__vectab_stack_and_reset_area) refers to entry.o(.ARM.Collect$$$$00000000) for __main
    entry5.o(.ARM.Collect$$$$00000004) refers to init.o(.text) for __scatterload
    entry9a.o(.ARM.Collect$$$$0000000B) refers to lto-llvm-8ef9ab.o(.text) for main
    entry9b.o(.ARM.Collect$$$$0000000C) refers to lto-llvm-8ef9ab.o(.text) for main
    init.o(.text) refers to entry5.o(.ARM.Collect$$$$00000004) for __main_after_scatterload
    lto-llvm-8ef9ab.o(.text) refers to lto-llvm-8ef9ab.o(.bss) for USART3_RX_BUF
    lto-llvm-8ef9ab.o(.text) refers to lto-llvm-8ef9ab.o(.rodata) for APBAHBPrescTable
    lto-llvm-8ef9ab.o(.ARM.exidx) refers to lto-llvm-8ef9ab.o(.text) for [Anonymous Symbol]


==============================================================================

Removing Unused input sections from the image.

    Removing startup_stm32f10x_hd.o(HEAP), (512 bytes).
    Removing lto-llvm-8ef9ab.o(.ARM.exidx), (544 bytes).

2 unused section(s) (total 1056 bytes) removed from the image.

==============================================================================

Image Symbol Table

    Local Symbols

    Symbol Name                              Value     Ov Type        Size  Object(Section)

    ../clib/microlib/init/entry.s            0x00000000   Number         0  entry.o ABSOLUTE
    ../clib/microlib/init/entry.s            0x00000000   Number         0  entry2.o ABSOLUTE
    ../clib/microlib/init/entry.s            0x00000000   Number         0  entry5.o ABSOLUTE
    ../clib/microlib/init/entry.s            0x00000000   Number         0  entry7a.o ABSOLUTE
    ../clib/microlib/init/entry.s            0x00000000   Number         0  entry7b.o ABSOLUTE
    ../clib/microlib/init/entry.s            0x00000000   Number         0  entry8a.o ABSOLUTE
    ../clib/microlib/init/entry.s            0x00000000   Number         0  entry8b.o ABSOLUTE
    ../clib/microlib/init/entry.s            0x00000000   Number         0  entry9a.o ABSOLUTE
    ../clib/microlib/init/entry.s            0x00000000   Number         0  entry9b.o ABSOLUTE
    ../clib/microlib/init/entry.s            0x00000000   Number         0  entry10a.o ABSOLUTE
    ../clib/microlib/init/entry.s            0x00000000   Number         0  entry10b.o ABSOLUTE
    ../clib/microlib/init/entry.s            0x00000000   Number         0  entry11a.o ABSOLUTE
    ../clib/microlib/init/entry.s            0x00000000   Number         0  entry11b.o ABSOLUTE
    ..\CORE\startup_stm32f10x_hd.s           0x00000000   Number         0  startup_stm32f10x_hd.o ABSOLUTE
    dc.s                                     0x00000000   Number         0  dc.o ABSOLUTE
    handlers.s                               0x00000000   Number         0  handlers.o ABSOLUTE
    init.s                                   0x00000000   Number         0  init.o ABSOLUTE
    ld-temp.o                                0x00000000   Number         0  lto-llvm-8ef9ab.o ABSOLUTE
    RESET                                    0x08000000   Section      304  startup_stm32f10x_hd.o(RESET)
    .ARM.Collect$$$$00000000                 0x08000130   Section        0  entry.o(.ARM.Collect$$$$00000000)
    .ARM.Collect$$$$00000001                 0x08000130   Section        4  entry2.o(.ARM.Collect$$$$00000001)
    .ARM.Collect$$$$00000004                 0x08000134   Section        4  entry5.o(.ARM.Collect$$$$00000004)
    .ARM.Collect$$$$00000008                 0x08000138   Section        0  entry7b.o(.ARM.Collect$$$$00000008)
    .ARM.Collect$$$$0000000A                 0x08000138   Section        0  entry8b.o(.ARM.Collect$$$$0000000A)
    .ARM.Collect$$$$0000000B                 0x08000138   Section        8  entry9a.o(.ARM.Collect$$$$0000000B)
    __lit__00000000                          0x08000140   Data           4  entry2.o(.ARM.Collect$$$$00002712)
    .ARM.Collect$$$$0000000D                 0x08000140   Section        0  entry10a.o(.ARM.Collect$$$$0000000D)
    .ARM.Collect$$$$0000000F                 0x08000140   Section        0  entry11a.o(.ARM.Collect$$$$0000000F)
    .ARM.Collect$$$$00002712                 0x08000140   Section        4  entry2.o(.ARM.Collect$$$$00002712)
    .text                                    0x08000144   Section       36  startup_stm32f10x_hd.o(.text)
    .text                                    0x08000168   Section       36  init.o(.text)
    [Anonymous Symbol]                       0x0800018c   Section        0  lto-llvm-8ef9ab.o(.text)
    SetSysClock                              0x080003c5   Thumb Code     8  lto-llvm-8ef9ab.o(.text)
    SetSysClockTo72                          0x080003cd   Thumb Code   286  lto-llvm-8ef9ab.o(.text)
    NVIC_PriorityGroupConfig                 0x080004ed   Thumb Code    32  lto-llvm-8ef9ab.o(.text)
    NVIC_Init                                0x0800050d   Thumb Code   178  lto-llvm-8ef9ab.o(.text)
    SysTick_CLKSourceConfig                  0x080005c1   Thumb Code    56  lto-llvm-8ef9ab.o(.text)
    GPIO_Init                                0x080005f9   Thumb Code   400  lto-llvm-8ef9ab.o(.text)
    RCC_GetClocksFreq                        0x08000789   Thumb Code   366  lto-llvm-8ef9ab.o(.text)
    RCC_AHBPeriphClockCmd                    0x080008f9   Thumb Code    60  lto-llvm-8ef9ab.o(.text)
    RCC_APB2PeriphClockCmd                   0x08000935   Thumb Code    60  lto-llvm-8ef9ab.o(.text)
    RCC_APB1PeriphClockCmd                   0x08000971   Thumb Code    60  lto-llvm-8ef9ab.o(.text)
    USART_Init                               0x080009ad   Thumb Code   348  lto-llvm-8ef9ab.o(.text)
    USART_Cmd                                0x08000b09   Thumb Code    46  lto-llvm-8ef9ab.o(.text)
    USART_ITConfig                           0x08000b39   Thumb Code   156  lto-llvm-8ef9ab.o(.text)
    USART_DMACmd                             0x08000bd5   Thumb Code    58  lto-llvm-8ef9ab.o(.text)
    USART_SendData                           0x08000c11   Thumb Code    32  lto-llvm-8ef9ab.o(.text)
    USART_ReceiveData                        0x08000c31   Thumb Code    12  lto-llvm-8ef9ab.o(.text)
    USART_GetFlagStatus                      0x08000c3d   Thumb Code    78  lto-llvm-8ef9ab.o(.text)
    USART_GetITStatus                        0x08000c8d   Thumb Code   184  lto-llvm-8ef9ab.o(.text)
    DMA_Init                                 0x08000d45   Thumb Code   116  lto-llvm-8ef9ab.o(.text)
    DMA_Cmd                                  0x08000db9   Thumb Code    46  lto-llvm-8ef9ab.o(.text)
    DMA_ITConfig                             0x08000de9   Thumb Code    52  lto-llvm-8ef9ab.o(.text)
    DMA_GetFlagStatus                        0x08000e1d   Thumb Code    84  lto-llvm-8ef9ab.o(.text)
    DMA_GetITStatus                          0x08000e71   Thumb Code    84  lto-llvm-8ef9ab.o(.text)
    DMA_ClearITPendingBit                    0x08000ec5   Thumb Code    46  lto-llvm-8ef9ab.o(.text)
    CAN_Init                                 0x08000ef5   Thumb Code   434  lto-llvm-8ef9ab.o(.text)
    CAN_FilterInit                           0x080010a9   Thumb Code   356  lto-llvm-8ef9ab.o(.text)
    CAN_Transmit                             0x0800120d   Thumb Code   336  lto-llvm-8ef9ab.o(.text)
    CAN_TransmitStatus                       0x0800135d   Thumb Code   234  lto-llvm-8ef9ab.o(.text)
    CAN_Receive                              0x08001449   Thumb Code   358  lto-llvm-8ef9ab.o(.text)
    CAN_ITConfig                             0x080015b1   Thumb Code    60  lto-llvm-8ef9ab.o(.text)
    CAN_GetITStatus                          0x080015ed   Thumb Code   392  lto-llvm-8ef9ab.o(.text)
    CheckITStatus                            0x08001775   Thumb Code    46  lto-llvm-8ef9ab.o(.text)
    CAN_ClearITPendingBit                    0x080017a5   Thumb Code   222  lto-llvm-8ef9ab.o(.text)
    Systick_Init                             0x08001895   Thumb Code    82  lto-llvm-8ef9ab.o(.text)
    Mark_Task_Flag                           0x080018e9   Thumb Code   304  lto-llvm-8ef9ab.o(.text)
    TICK_Task_fpConfig                       0x08001a19   Thumb Code   112  lto-llvm-8ef9ab.o(.text)
    Task_5000MS                              0x08001a89   Thumb Code     2  lto-llvm-8ef9ab.o(.text)
    Task_500MS                               0x08001a8d   Thumb Code     2  lto-llvm-8ef9ab.o(.text)
    Task_50MS                                0x08001a91   Thumb Code     2  lto-llvm-8ef9ab.o(.text)
    Task_5MS                                 0x08001a95   Thumb Code     2  lto-llvm-8ef9ab.o(.text)
    Task_1000MS                              0x08001a99   Thumb Code     2  lto-llvm-8ef9ab.o(.text)
    Task_100MS                               0x08001a9d   Thumb Code     2  lto-llvm-8ef9ab.o(.text)
    Task_10MS                                0x08001aa1   Thumb Code     2  lto-llvm-8ef9ab.o(.text)
    Task_1MS                                 0x08001aa5   Thumb Code   110  lto-llvm-8ef9ab.o(.text)
    CAN_Mode_Init                            0x08001b15   Thumb Code   252  lto-llvm-8ef9ab.o(.text)
    Can_Send_Msg                             0x08001c79   Thumb Code   254  lto-llvm-8ef9ab.o(.text)
    fputc                                    0x08001d79   Thumb Code    46  lto-llvm-8ef9ab.o(.text)
    Uart1_Init                               0x08001da9   Thumb Code   172  lto-llvm-8ef9ab.o(.text)
    Uart3_Init                               0x08001e55   Thumb Code   180  lto-llvm-8ef9ab.o(.text)
    Uartx_Dma_Init                           0x08002005   Thumb Code   570  lto-llvm-8ef9ab.o(.text)
    i.__scatterload_copy                     0x0800223e   Section       14  handlers.o(i.__scatterload_copy)
    i.__scatterload_null                     0x0800224c   Section        2  handlers.o(i.__scatterload_null)
    i.__scatterload_zeroinit                 0x0800224e   Section       14  handlers.o(i.__scatterload_zeroinit)
    APBAHBPrescTable                         0x0800225c   Data          16  lto-llvm-8ef9ab.o(.rodata)
    [Anonymous Symbol]                       0x0800225c   Section        0  lto-llvm-8ef9ab.o(.rodata)
    ADCPrescTable                            0x0800226c   Data           4  lto-llvm-8ef9ab.o(.rodata)
    vu16_last_systick_count                  0x20000000   Data           2  lto-llvm-8ef9ab.o(.bss)
    [Anonymous Symbol]                       0x20000000   Section        0  lto-llvm-8ef9ab.o(.bss)
    vu16_now_systick_count                   0x20000002   Data           2  lto-llvm-8ef9ab.o(.bss)
    st_tick_for_task                         0x20000004   Data          40  lto-llvm-8ef9ab.o(.bss)
    CAN_MAIN_RX_BUFF                         0x2000002c   Data           8  lto-llvm-8ef9ab.o(.bss)
    RxMessage                                0x20000034   Data          20  lto-llvm-8ef9ab.o(.bss)
    can_rx_flag                              0x20000048   Data           1  lto-llvm-8ef9ab.o(.bss)
    TxMessage                                0x2000004c   Data          20  lto-llvm-8ef9ab.o(.bss)
    vb_usart1_dma_rx_flag                    0x20000060   Data           1  lto-llvm-8ef9ab.o(.bss)
    DMA_InitStructure                        0x20000064   Data          44  lto-llvm-8ef9ab.o(.bss)
    USART3_RX_BUF                            0x20000090   Data           8  lto-llvm-8ef9ab.o(.bss)
    STACK                                    0x20000098   Section     1024  startup_stm32f10x_hd.o(STACK)

    Global Symbols

    Symbol Name                              Value     Ov Type        Size  Object(Section)

    BuildAttributes$$THM_ISAv4$P$D$K$B$S$PE$A:L22UL41UL21$X:L11$S22US41US21$IEEE1$IW$~IW$USESV6$~STKCKD$USESV7$~SHL$OSPACE$IEEEF$EBA8$MICROLIB$REQ8$PRES8$EABIv2 0x00000000   Number         0  anon$$obj.o ABSOLUTE
    __cpp_initialize__aeabi_                  - Undefined Weak Reference
    __cxa_finalize                            - Undefined Weak Reference
    __decompress                              - Undefined Weak Reference
    _clock_init                               - Undefined Weak Reference
    _microlib_exit                            - Undefined Weak Reference
    __Vectors_Size                           0x00000130   Number         0  startup_stm32f10x_hd.o ABSOLUTE
    __Vectors                                0x08000000   Data           4  startup_stm32f10x_hd.o(RESET)
    __Vectors_End                            0x08000130   Data           0  startup_stm32f10x_hd.o(RESET)
    __main                                   0x08000131   Thumb Code     0  entry.o(.ARM.Collect$$$$00000000)
    _main_stk                                0x08000131   Thumb Code     0  entry2.o(.ARM.Collect$$$$00000001)
    _main_scatterload                        0x08000135   Thumb Code     0  entry5.o(.ARM.Collect$$$$00000004)
    __main_after_scatterload                 0x08000139   Thumb Code     0  entry5.o(.ARM.Collect$$$$00000004)
    _main_clock                              0x08000139   Thumb Code     0  entry7b.o(.ARM.Collect$$$$00000008)
    _main_cpp_init                           0x08000139   Thumb Code     0  entry8b.o(.ARM.Collect$$$$0000000A)
    _main_init                               0x08000139   Thumb Code     0  entry9a.o(.ARM.Collect$$$$0000000B)
    __rt_final_cpp                           0x08000141   Thumb Code     0  entry10a.o(.ARM.Collect$$$$0000000D)
    __rt_final_exit                          0x08000141   Thumb Code     0  entry11a.o(.ARM.Collect$$$$0000000F)
    Reset_Handler                            0x08000145   Thumb Code     8  startup_stm32f10x_hd.o(.text)
    ADC1_2_IRQHandler                        0x0800015f   Thumb Code     0  startup_stm32f10x_hd.o(.text)
    ADC3_IRQHandler                          0x0800015f   Thumb Code     0  startup_stm32f10x_hd.o(.text)
    CAN1_RX1_IRQHandler                      0x0800015f   Thumb Code     0  startup_stm32f10x_hd.o(.text)
    CAN1_SCE_IRQHandler                      0x0800015f   Thumb Code     0  startup_stm32f10x_hd.o(.text)
    DMA1_Channel1_IRQHandler                 0x0800015f   Thumb Code     0  startup_stm32f10x_hd.o(.text)
    DMA1_Channel6_IRQHandler                 0x0800015f   Thumb Code     0  startup_stm32f10x_hd.o(.text)
    DMA1_Channel7_IRQHandler                 0x0800015f   Thumb Code     0  startup_stm32f10x_hd.o(.text)
    DMA2_Channel1_IRQHandler                 0x0800015f   Thumb Code     0  startup_stm32f10x_hd.o(.text)
    DMA2_Channel2_IRQHandler                 0x0800015f   Thumb Code     0  startup_stm32f10x_hd.o(.text)
    DMA2_Channel3_IRQHandler                 0x0800015f   Thumb Code     0  startup_stm32f10x_hd.o(.text)
    DMA2_Channel4_5_IRQHandler               0x0800015f   Thumb Code     0  startup_stm32f10x_hd.o(.text)
    EXTI0_IRQHandler                         0x0800015f   Thumb Code     0  startup_stm32f10x_hd.o(.text)
    EXTI15_10_IRQHandler                     0x0800015f   Thumb Code     0  startup_stm32f10x_hd.o(.text)
    EXTI1_IRQHandler                         0x0800015f   Thumb Code     0  startup_stm32f10x_hd.o(.text)
    EXTI2_IRQHandler                         0x0800015f   Thumb Code     0  startup_stm32f10x_hd.o(.text)
    EXTI3_IRQHandler                         0x0800015f   Thumb Code     0  startup_stm32f10x_hd.o(.text)
    EXTI4_IRQHandler                         0x0800015f   Thumb Code     0  startup_stm32f10x_hd.o(.text)
    EXTI9_5_IRQHandler                       0x0800015f   Thumb Code     0  startup_stm32f10x_hd.o(.text)
    FLASH_IRQHandler                         0x0800015f   Thumb Code     0  startup_stm32f10x_hd.o(.text)
    FSMC_IRQHandler                          0x0800015f   Thumb Code     0  startup_stm32f10x_hd.o(.text)
    I2C1_ER_IRQHandler                       0x0800015f   Thumb Code     0  startup_stm32f10x_hd.o(.text)
    I2C1_EV_IRQHandler                       0x0800015f   Thumb Code     0  startup_stm32f10x_hd.o(.text)
    I2C2_ER_IRQHandler                       0x0800015f   Thumb Code     0  startup_stm32f10x_hd.o(.text)
    I2C2_EV_IRQHandler                       0x0800015f   Thumb Code     0  startup_stm32f10x_hd.o(.text)
    PVD_IRQHandler                           0x0800015f   Thumb Code     0  startup_stm32f10x_hd.o(.text)
    RCC_IRQHandler                           0x0800015f   Thumb Code     0  startup_stm32f10x_hd.o(.text)
    RTCAlarm_IRQHandler                      0x0800015f   Thumb Code     0  startup_stm32f10x_hd.o(.text)
    RTC_IRQHandler                           0x0800015f   Thumb Code     0  startup_stm32f10x_hd.o(.text)
    SDIO_IRQHandler                          0x0800015f   Thumb Code     0  startup_stm32f10x_hd.o(.text)
    SPI1_IRQHandler                          0x0800015f   Thumb Code     0  startup_stm32f10x_hd.o(.text)
    SPI2_IRQHandler                          0x0800015f   Thumb Code     0  startup_stm32f10x_hd.o(.text)
    SPI3_IRQHandler                          0x0800015f   Thumb Code     0  startup_stm32f10x_hd.o(.text)
    TAMPER_IRQHandler                        0x0800015f   Thumb Code     0  startup_stm32f10x_hd.o(.text)
    TIM1_BRK_IRQHandler                      0x0800015f   Thumb Code     0  startup_stm32f10x_hd.o(.text)
    TIM1_CC_IRQHandler                       0x0800015f   Thumb Code     0  startup_stm32f10x_hd.o(.text)
    TIM1_TRG_COM_IRQHandler                  0x0800015f   Thumb Code     0  startup_stm32f10x_hd.o(.text)
    TIM1_UP_IRQHandler                       0x0800015f   Thumb Code     0  startup_stm32f10x_hd.o(.text)
    TIM2_IRQHandler                          0x0800015f   Thumb Code     0  startup_stm32f10x_hd.o(.text)
    TIM3_IRQHandler                          0x0800015f   Thumb Code     0  startup_stm32f10x_hd.o(.text)
    TIM4_IRQHandler                          0x0800015f   Thumb Code     0  startup_stm32f10x_hd.o(.text)
    TIM5_IRQHandler                          0x0800015f   Thumb Code     0  startup_stm32f10x_hd.o(.text)
    TIM6_IRQHandler                          0x0800015f   Thumb Code     0  startup_stm32f10x_hd.o(.text)
    TIM7_IRQHandler                          0x0800015f   Thumb Code     0  startup_stm32f10x_hd.o(.text)
    TIM8_BRK_IRQHandler                      0x0800015f   Thumb Code     0  startup_stm32f10x_hd.o(.text)
    TIM8_CC_IRQHandler                       0x0800015f   Thumb Code     0  startup_stm32f10x_hd.o(.text)
    TIM8_TRG_COM_IRQHandler                  0x0800015f   Thumb Code     0  startup_stm32f10x_hd.o(.text)
    TIM8_UP_IRQHandler                       0x0800015f   Thumb Code     0  startup_stm32f10x_hd.o(.text)
    UART4_IRQHandler                         0x0800015f   Thumb Code     0  startup_stm32f10x_hd.o(.text)
    UART5_IRQHandler                         0x0800015f   Thumb Code     0  startup_stm32f10x_hd.o(.text)
    USART2_IRQHandler                        0x0800015f   Thumb Code     0  startup_stm32f10x_hd.o(.text)
    USBWakeUp_IRQHandler                     0x0800015f   Thumb Code     0  startup_stm32f10x_hd.o(.text)
    USB_HP_CAN1_TX_IRQHandler                0x0800015f   Thumb Code     0  startup_stm32f10x_hd.o(.text)
    WWDG_IRQHandler                          0x0800015f   Thumb Code     0  startup_stm32f10x_hd.o(.text)
    __scatterload                            0x08000169   Thumb Code    28  init.o(.text)
    __scatterload_rt2                        0x08000169   Thumb Code     0  init.o(.text)
    main                                     0x0800018d   Thumb Code   432  lto-llvm-8ef9ab.o(.text)
    NMI_Handler                              0x0800033d   Thumb Code     2  lto-llvm-8ef9ab.o(.text)
    HardFault_Handler                        0x08000341   Thumb Code     4  lto-llvm-8ef9ab.o(.text)
    MemManage_Handler                        0x08000345   Thumb Code     4  lto-llvm-8ef9ab.o(.text)
    BusFault_Handler                         0x08000349   Thumb Code     4  lto-llvm-8ef9ab.o(.text)
    UsageFault_Handler                       0x0800034d   Thumb Code     4  lto-llvm-8ef9ab.o(.text)
    SVC_Handler                              0x08000351   Thumb Code     2  lto-llvm-8ef9ab.o(.text)
    DebugMon_Handler                         0x08000355   Thumb Code     2  lto-llvm-8ef9ab.o(.text)
    PendSV_Handler                           0x08000359   Thumb Code     2  lto-llvm-8ef9ab.o(.text)
    SystemInit                               0x0800035d   Thumb Code   102  lto-llvm-8ef9ab.o(.text)
    SysTick_Handler                          0x08001885   Thumb Code    16  lto-llvm-8ef9ab.o(.text)
    USB_LP_CAN1_RX0_IRQHandler               0x08001c11   Thumb Code   104  lto-llvm-8ef9ab.o(.text)
    USART1_IRQHandler                        0x08001f09   Thumb Code    58  lto-llvm-8ef9ab.o(.text)
    USART3_IRQHandler                        0x08001f45   Thumb Code    34  lto-llvm-8ef9ab.o(.text)
    DMA1_Channel5_IRQHandler                 0x08001f69   Thumb Code    40  lto-llvm-8ef9ab.o(.text)
    DMA1_Channel4_IRQHandler                 0x08001f91   Thumb Code    40  lto-llvm-8ef9ab.o(.text)
    DMA1_Channel3_IRQHandler                 0x08001fb9   Thumb Code    40  lto-llvm-8ef9ab.o(.text)
    DMA1_Channel2_IRQHandler                 0x08001fe1   Thumb Code    36  lto-llvm-8ef9ab.o(.text)
    __scatterload_copy                       0x0800223f   Thumb Code    14  handlers.o(i.__scatterload_copy)
    __scatterload_null                       0x0800224d   Thumb Code     2  handlers.o(i.__scatterload_null)
    __scatterload_zeroinit                   0x0800224f   Thumb Code    14  handlers.o(i.__scatterload_zeroinit)
    Region$$Table$$Base                      0x08002270   Number         0  anon$$obj.o(Region$$Table)
    Region$$Table$$Limit                     0x08002280   Number         0  anon$$obj.o(Region$$Table)
    __initial_sp                             0x20000498   Data           0  startup_stm32f10x_hd.o(STACK)



==============================================================================

Memory Map of the image

  Image Entry point : 0x08000131

  Load Region LR_IROM1 (Base: 0x08000000, Size: 0x00002280, Max: 0x00080000, ABSOLUTE)

    Execution Region ER_IROM1 (Exec base: 0x08000000, Load base: 0x08000000, Size: 0x00002280, Max: 0x00080000, ABSOLUTE)

    Exec Addr    Load Addr    Size         Type   Attr      Idx    E Section Name        Object

    0x08000000   0x08000000   0x00000130   Data   RO            7    RESET               startup_stm32f10x_hd.o
    0x08000130   0x08000130   0x00000000   Code   RO           23  * .ARM.Collect$$$$00000000  mc_w.l(entry.o)
    0x08000130   0x08000130   0x00000004   Code   RO           26    .ARM.Collect$$$$00000001  mc_w.l(entry2.o)
    0x08000134   0x08000134   0x00000004   Code   RO           29    .ARM.Collect$$$$00000004  mc_w.l(entry5.o)
    0x08000138   0x08000138   0x00000000   Code   RO           31    .ARM.Collect$$$$00000008  mc_w.l(entry7b.o)
    0x08000138   0x08000138   0x00000000   Code   RO           33    .ARM.Collect$$$$0000000A  mc_w.l(entry8b.o)
    0x08000138   0x08000138   0x00000008   Code   RO           34    .ARM.Collect$$$$0000000B  mc_w.l(entry9a.o)
    0x08000140   0x08000140   0x00000000   Code   RO           36    .ARM.Collect$$$$0000000D  mc_w.l(entry10a.o)
    0x08000140   0x08000140   0x00000000   Code   RO           38    .ARM.Collect$$$$0000000F  mc_w.l(entry11a.o)
    0x08000140   0x08000140   0x00000004   Code   RO           27    .ARM.Collect$$$$00002712  mc_w.l(entry2.o)
    0x08000144   0x08000144   0x00000024   Code   RO            8    .text               startup_stm32f10x_hd.o
    0x08000168   0x08000168   0x00000024   Code   RO           40    .text               mc_w.l(init.o)
    0x0800018c   0x0800018c   0x000020b2   Code   RO           42    .text               lto-llvm-8ef9ab.o
    0x0800223e   0x0800223e   0x0000000e   Code   RO           54    i.__scatterload_copy  mc_w.l(handlers.o)
    0x0800224c   0x0800224c   0x00000002   Code   RO           55    i.__scatterload_null  mc_w.l(handlers.o)
    0x0800224e   0x0800224e   0x0000000e   Code   RO           56    i.__scatterload_zeroinit  mc_w.l(handlers.o)
    0x0800225c   0x0800225c   0x00000014   Data   RO           44    .rodata             lto-llvm-8ef9ab.o
    0x08002270   0x08002270   0x00000010   Data   RO           53    Region$$Table       anon$$obj.o


    Execution Region RW_IRAM1 (Exec base: 0x20000000, Load base: 0x08002280, Size: 0x00000498, Max: 0x00010000, ABSOLUTE)

    Exec Addr    Load Addr    Size         Type   Attr      Idx    E Section Name        Object

    0x20000000        -       0x00000098   Zero   RW           45    .bss                lto-llvm-8ef9ab.o
    0x20000098        -       0x00000400   Zero   RW            5    STACK               startup_stm32f10x_hd.o


==============================================================================

Image component sizes


      Code (inc. data)   RO Data    RW Data    ZI Data      Debug   Object Name

      8370          0         20          0        152      28720   lto-llvm-8ef9ab.o
        36          8        304          0       1024        788   startup_stm32f10x_hd.o

    ----------------------------------------------------------------------
      8406          8        340          0       1176      29508   Object Totals
         0          0         16          0          0          0   (incl. Generated)
         0          0          0          0          0          0   (incl. Padding)

    ----------------------------------------------------------------------

      Code (inc. data)   RO Data    RW Data    ZI Data      Debug   Library Member Name

         0          0          0          0          0          0   entry.o
         0          0          0          0          0          0   entry10a.o
         0          0          0          0          0          0   entry11a.o
         8          4          0          0          0          0   entry2.o
         4          0          0          0          0          0   entry5.o
         0          0          0          0          0          0   entry7b.o
         0          0          0          0          0          0   entry8b.o
         8          4          0          0          0          0   entry9a.o
        30          0          0          0          0          0   handlers.o
        36          8          0          0          0         68   init.o

    ----------------------------------------------------------------------
        86         16          0          0          0         68   Library Totals
         0          0          0          0          0          0   (incl. Padding)

    ----------------------------------------------------------------------

      Code (inc. data)   RO Data    RW Data    ZI Data      Debug   Library Name

        86         16          0          0          0         68   mc_w.l

    ----------------------------------------------------------------------
        86         16          0          0          0         68   Library Totals

    ----------------------------------------------------------------------

==============================================================================


      Code (inc. data)   RO Data    RW Data    ZI Data      Debug   

      8492         24        340          0       1176      29728   Grand Totals
      8492         24        340          0       1176      29728   ELF Image Totals
      8492         24        340          0          0          0   ROM Totals

==============================================================================

    Total RO  Size (Code + RO Data)                 8832 (   8.63kB)
    Total RW  Size (RW Data + ZI Data)              1176 (   1.15kB)
    Total ROM Size (Code + RO Data + RW Data)       8832 (   8.63kB)

==============================================================================

